--- Тест 1: Москва -> Казань (10 кг) ---
{
  "success": false,
  "error": "Ошибка сети при запросе к API ПЭК: "
}

--- Тест 2: Москва -> НесуществующийГород ---
{
  "success": false,
  "error": "Город 'НесуществующийГород' не найден",
  "available_cities": [
    "Барнаул",
    "Владивосток",
    "Волгоград",
    "Воронеж",
    "Екатеринбург",
    "Ижевск",
    "Иркутск",
    "Казань",
    "Калининград",
    "Кемерово",
    "Киров",
    "Краснодар",
    "Липецк",
    "Москва",
    "Нижний новгород",
    "Новокузнецк",
    "Новосибирск",
    "Омск",
    "Пенза",
    "Пермь",
    "Ростов",
    "Ростов-на-дону",
    "Рязань",
    "Самара",
    "Санкт-петербург",
    "Сочи",
    "Спб",
    "Тольятти",
    "Тюмень",
    "Ульяновск",
    "Уфа",
    "Хабаровск",
    "Чебоксары",
    "Челябинск",
    "Ярославль"
  ]
}

--- Тест 3: Санкт-Петербург -> Уфа (дефолтный вес) ---
{
  "success": false,
  "error": "Ошибка сети при запросе к API ПЭК: "
}
